
> solar-food-project@0.0.0 build
> tsc -b && vite build

src/components/Milestones.tsx(162,5): error TS2322: Type '{ hidden: { opacity: number; y: number; }; visible: (i?: number) => { opacity: number; y: number; transition: { duration: number; delay: number; ease: number[]; }; }; }' is not assignable to type 'Variants'.
  Property 'visible' is incompatible with index signature.
    Type '(i?: number) => { opacity: number; y: number; transition: { duration: number; delay: number; ease: number[]; }; }' is not assignable to type 'Variant'.
      Type '(i?: number) => { opacity: number; y: number; transition: { duration: number; delay: number; ease: number[]; }; }' is not assignable to type 'TargetResolver'.
        Type '{ opacity: number; y: number; transition: { duration: number; delay: number; ease: number[]; }; }' is not assignable to type 'string | TargetAndTransition'.
          Type '{ opacity: number; y: number; transition: { duration: number; delay: number; ease: number[]; }; }' is not assignable to type 'TargetAndTransition'.
            Type '{ opacity: number; y: number; transition: { duration: number; delay: number; ease: number[]; }; }' is not assignable to type '{ transition?: Transition<any> | undefined; transitionEnd?: ResolvedValues$1 | undefined; }'.
              Types of property 'transition' are incompatible.
                Type '{ duration: number; delay: number; ease: number[]; }' is not assignable to type 'Transition<any> | undefined'.
                  Type '{ duration: number; delay: number; ease: number[]; }' is not assignable to type 'TransitionWithValueOverrides<any>'.
                    Type '{ duration: number; delay: number; ease: number[]; }' is not assignable to type 'ValueAnimationTransition<any>'.
                      Types of property 'ease' are incompatible.
                        Type 'number[]' is not assignable to type 'Easing | Easing[] | undefined'.
                          Type 'number[]' is not assignable to type 'EasingFunction | Easing[]'.
                            Type 'number[]' is not assignable to type 'Easing[]'.
                              Type 'number' is not assignable to type 'Easing'.
src/components/Milestones.tsx(196,7): error TS2322: Type '{ hidden: { opacity: number; y: number; }; visible: (i?: number) => { opacity: number; y: number; transition: { duration: number; delay: number; ease: number[]; }; }; }' is not assignable to type 'Variants'.
  Property 'visible' is incompatible with index signature.
    Type '(i?: number) => { opacity: number; y: number; transition: { duration: number; delay: number; ease: number[]; }; }' is not assignable to type 'Variant'.
      Type '(i?: number) => { opacity: number; y: number; transition: { duration: number; delay: number; ease: number[]; }; }' is not assignable to type 'TargetResolver'.
        Type '{ opacity: number; y: number; transition: { duration: number; delay: number; ease: number[]; }; }' is not assignable to type 'string | TargetAndTransition'.
          Type '{ opacity: number; y: number; transition: { duration: number; delay: number; ease: number[]; }; }' is not assignable to type 'TargetAndTransition'.
            Type '{ opacity: number; y: number; transition: { duration: number; delay: number; ease: number[]; }; }' is not assignable to type '{ transition?: Transition<any> | undefined; transitionEnd?: ResolvedValues$1 | undefined; }'.
              Types of property 'transition' are incompatible.
                Type '{ duration: number; delay: number; ease: number[]; }' is not assignable to type 'Transition<any> | undefined'.
                  Type '{ duration: number; delay: number; ease: number[]; }' is not assignable to type 'TransitionWithValueOverrides<any>'.
                    Type '{ duration: number; delay: number; ease: number[]; }' is not assignable to type 'ValueAnimationTransition<any>'.
                      Types of property 'ease' are incompatible.
                        Type 'number[]' is not assignable to type 'Easing | Easing[] | undefined'.
                          Type 'number[]' is not assignable to type 'EasingFunction | Easing[]'.
                            Type 'number[]' is not assignable to type 'Easing[]'.
                              Type 'number' is not assignable to type 'Easing'.
src/components/Milestones.tsx(281,7): error TS2322: Type '{ hidden: { opacity: number; y: number; }; visible: (i?: number) => { opacity: number; y: number; transition: { duration: number; delay: number; ease: number[]; }; }; }' is not assignable to type 'Variants'.
  Property 'visible' is incompatible with index signature.
    Type '(i?: number) => { opacity: number; y: number; transition: { duration: number; delay: number; ease: number[]; }; }' is not assignable to type 'Variant'.
      Type '(i?: number) => { opacity: number; y: number; transition: { duration: number; delay: number; ease: number[]; }; }' is not assignable to type 'TargetResolver'.
        Type '{ opacity: number; y: number; transition: { duration: number; delay: number; ease: number[]; }; }' is not assignable to type 'string | TargetAndTransition'.
          Type '{ opacity: number; y: number; transition: { duration: number; delay: number; ease: number[]; }; }' is not assignable to type 'TargetAndTransition'.
            Type '{ opacity: number; y: number; transition: { duration: number; delay: number; ease: number[]; }; }' is not assignable to type '{ transition?: Transition<any> | undefined; transitionEnd?: ResolvedValues$1 | undefined; }'.
              Types of property 'transition' are incompatible.
                Type '{ duration: number; delay: number; ease: number[]; }' is not assignable to type 'Transition<any> | undefined'.
                  Type '{ duration: number; delay: number; ease: number[]; }' is not assignable to type 'TransitionWithValueOverrides<any>'.
                    Type '{ duration: number; delay: number; ease: number[]; }' is not assignable to type 'ValueAnimationTransition<any>'.
                      Types of property 'ease' are incompatible.
                        Type 'number[]' is not assignable to type 'Easing | Easing[] | undefined'.
                          Type 'number[]' is not assignable to type 'EasingFunction | Easing[]'.
                            Type 'number[]' is not assignable to type 'Easing[]'.
                              Type 'number' is not assignable to type 'Easing'.
src/components/Milestones.tsx(399,13): error TS2322: Type '{ hidden: { height: number; opacity: number; }; visible: { height: string; opacity: number; transition: { duration: number; ease: number[]; }; }; exit: { height: number; opacity: number; transition: { duration: number; ease: number[]; }; }; }' is not assignable to type 'Variants'.
  Property 'visible' is incompatible with index signature.
    Type '{ height: string; opacity: number; transition: { duration: number; ease: number[]; }; }' is not assignable to type 'Variant'.
      Type '{ height: string; opacity: number; transition: { duration: number; ease: number[]; }; }' is not assignable to type 'TargetAndTransition'.
        Type '{ height: string; opacity: number; transition: { duration: number; ease: number[]; }; }' is not assignable to type '{ transition?: Transition<any> | undefined; transitionEnd?: ResolvedValues$1 | undefined; }'.
          Types of property 'transition' are incompatible.
            Type '{ duration: number; ease: number[]; }' is not assignable to type 'Transition<any> | undefined'.
              Type '{ duration: number; ease: number[]; }' is not assignable to type 'TransitionWithValueOverrides<any>'.
                Type '{ duration: number; ease: number[]; }' is not assignable to type 'ValueAnimationTransition<any>'.
                  Types of property 'ease' are incompatible.
                    Type 'number[]' is not assignable to type 'Easing | Easing[] | undefined'.
                      Type 'number[]' is not assignable to type 'EasingFunction | Easing[]'.
                        Type 'number[]' is not assignable to type 'Easing[]'.
                          Type 'number' is not assignable to type 'Easing'.
src/components/Milestones.tsx(501,23): error TS2322: Type '{ hidden: { opacity: number; y: number; }; visible: (i?: number) => { opacity: number; y: number; transition: { duration: number; delay: number; ease: number[]; }; }; }' is not assignable to type 'Variants'.
  Property 'visible' is incompatible with index signature.
    Type '(i?: number) => { opacity: number; y: number; transition: { duration: number; delay: number; ease: number[]; }; }' is not assignable to type 'Variant'.
      Type '(i?: number) => { opacity: number; y: number; transition: { duration: number; delay: number; ease: number[]; }; }' is not assignable to type 'TargetResolver'.
        Type '{ opacity: number; y: number; transition: { duration: number; delay: number; ease: number[]; }; }' is not assignable to type 'string | TargetAndTransition'.
          Type '{ opacity: number; y: number; transition: { duration: number; delay: number; ease: number[]; }; }' is not assignable to type 'TargetAndTransition'.
            Type '{ opacity: number; y: number; transition: { duration: number; delay: number; ease: number[]; }; }' is not assignable to type '{ transition?: Transition<any> | undefined; transitionEnd?: ResolvedValues$1 | undefined; }'.
              Types of property 'transition' are incompatible.
                Type '{ duration: number; delay: number; ease: number[]; }' is not assignable to type 'Transition<any> | undefined'.
                  Type '{ duration: number; delay: number; ease: number[]; }' is not assignable to type 'TransitionWithValueOverrides<any>'.
                    Type '{ duration: number; delay: number; ease: number[]; }' is not assignable to type 'ValueAnimationTransition<any>'.
                      Types of property 'ease' are incompatible.
                        Type 'number[]' is not assignable to type 'Easing | Easing[] | undefined'.
                          Type 'number[]' is not assignable to type 'EasingFunction | Easing[]'.
                            Type 'number[]' is not assignable to type 'Easing[]'.
                              Type 'number' is not assignable to type 'Easing'.
src/components/Milestones.tsx(510,13): error TS2322: Type '{ hidden: { opacity: number; y: number; }; visible: (i?: number) => { opacity: number; y: number; transition: { duration: number; delay: number; ease: number[]; }; }; }' is not assignable to type 'Variants'.
  Property 'visible' is incompatible with index signature.
    Type '(i?: number) => { opacity: number; y: number; transition: { duration: number; delay: number; ease: number[]; }; }' is not assignable to type 'Variant'.
      Type '(i?: number) => { opacity: number; y: number; transition: { duration: number; delay: number; ease: number[]; }; }' is not assignable to type 'TargetResolver'.
        Type '{ opacity: number; y: number; transition: { duration: number; delay: number; ease: number[]; }; }' is not assignable to type 'string | TargetAndTransition'.
          Type '{ opacity: number; y: number; transition: { duration: number; delay: number; ease: number[]; }; }' is not assignable to type 'TargetAndTransition'.
            Type '{ opacity: number; y: number; transition: { duration: number; delay: number; ease: number[]; }; }' is not assignable to type '{ transition?: Transition<any> | undefined; transitionEnd?: ResolvedValues$1 | undefined; }'.
              Types of property 'transition' are incompatible.
                Type '{ duration: number; delay: number; ease: number[]; }' is not assignable to type 'Transition<any> | undefined'.
                  Type '{ duration: number; delay: number; ease: number[]; }' is not assignable to type 'TransitionWithValueOverrides<any>'.
                    Type '{ duration: number; delay: number; ease: number[]; }' is not assignable to type 'ValueAnimationTransition<any>'.
                      Types of property 'ease' are incompatible.
                        Type 'number[]' is not assignable to type 'Easing | Easing[] | undefined'.
                          Type 'number[]' is not assignable to type 'EasingFunction | Easing[]'.
                            Type 'number[]' is not assignable to type 'Easing[]'.
                              Type 'number' is not assignable to type 'Easing'.
src/components/Milestones.tsx(522,13): error TS2322: Type '{ hidden: { opacity: number; y: number; }; visible: (i?: number) => { opacity: number; y: number; transition: { duration: number; delay: number; ease: number[]; }; }; }' is not assignable to type 'Variants'.
  Property 'visible' is incompatible with index signature.
    Type '(i?: number) => { opacity: number; y: number; transition: { duration: number; delay: number; ease: number[]; }; }' is not assignable to type 'Variant'.
      Type '(i?: number) => { opacity: number; y: number; transition: { duration: number; delay: number; ease: number[]; }; }' is not assignable to type 'TargetResolver'.
        Type '{ opacity: number; y: number; transition: { duration: number; delay: number; ease: number[]; }; }' is not assignable to type 'string | TargetAndTransition'.
          Type '{ opacity: number; y: number; transition: { duration: number; delay: number; ease: number[]; }; }' is not assignable to type 'TargetAndTransition'.
            Type '{ opacity: number; y: number; transition: { duration: number; delay: number; ease: number[]; }; }' is not assignable to type '{ transition?: Transition<any> | undefined; transitionEnd?: ResolvedValues$1 | undefined; }'.
              Types of property 'transition' are incompatible.
                Type '{ duration: number; delay: number; ease: number[]; }' is not assignable to type 'Transition<any> | undefined'.
                  Type '{ duration: number; delay: number; ease: number[]; }' is not assignable to type 'TransitionWithValueOverrides<any>'.
                    Type '{ duration: number; delay: number; ease: number[]; }' is not assignable to type 'ValueAnimationTransition<any>'.
                      Types of property 'ease' are incompatible.
                        Type 'number[]' is not assignable to type 'Easing | Easing[] | undefined'.
                          Type 'number[]' is not assignable to type 'EasingFunction | Easing[]'.
                            Type 'number[]' is not assignable to type 'Easing[]'.
                              Type 'number' is not assignable to type 'Easing'.
